/usr/bin/ld: CMakeFiles/asm_tests.dir/tests/test_asm.cpp.o: in function `AssemblyTest_BasicInlineAssembly_Test::TestBody()':
test_asm.cpp:(.text+0x10b): undefined reference to `AsmTestHelper::logTestInfo(std::__cxx11::basic_string<char, std::char_traits<char>, std::allocator<char> > const&)'
/usr/bin/ld: CMakeFiles/asm_tests.dir/tests/test_asm.cpp.o: in function `AssemblyTest_AssemblyAddition_Test::TestBody()':
test_asm.cpp:(.text+0x2e2): undefined reference to `AsmTestHelper::logTestInfo(std::__cxx11::basic_string<char, std::char_traits<char>, std::allocator<char> > const&)'
/usr/bin/ld: CMakeFiles/asm_tests.dir/tests/test_asm.cpp.o: in function `AssemblyTest_RegisterOperations_Test::TestBody()':
test_asm.cpp:(.text+0x4a7): undefined reference to `AsmTestHelper::logTestInfo(std::__cxx11::basic_string<char, std::char_traits<char>, std::allocator<char> > const&)'
/usr/bin/ld: CMakeFiles/asm_tests.dir/tests/test_asm.cpp.o: in function `AssemblyTest_FlagsAndConditions_Test::TestBody()':
test_asm.cpp:(.text+0x69a): undefined reference to `AsmTestHelper::logTestInfo(std::__cxx11::basic_string<char, std::char_traits<char>, std::allocator<char> > const&)'
/usr/bin/ld: CMakeFiles/asm_tests.dir/tests/test_main.cpp.o: in function `LibraryTest_LibraryNameTest_Test::TestBody()':
test_main.cpp:(.text+0x29e): undefined reference to `AsmTestHelper::getLibraryName[abi:cxx11]()'
/usr/bin/ld: CMakeFiles/asm_tests.dir/tests/test_main.cpp.o: in function `LibraryTest_LibraryStatusTest_Test::TestBody()':
test_main.cpp:(.text+0x3f5): undefined reference to `AsmTestHelper::isLibraryWorking()'
/usr/bin/ld: CMakeFiles/asm_tests.dir/tests/test_main.cpp.o: in function `LibraryTest_BasicMathTest_Test::TestBody()':
test_main.cpp:(.text+0x571): undefined reference to `AsmTestHelper::addTwoNumbers(int, int)'
/usr/bin/ld: CMakeFiles/asm_tests.dir/tests/test_main.cpp.o: in function `LibraryTest_LoggingTest_Test::TestBody()':
test_main.cpp:(.text+0x826): undefined reference to `AsmTestHelper::logTestInfo(std::__cxx11::basic_string<char, std::char_traits<char>, std::allocator<char> > const&)'
collect2: error: ld returned 1 exit status
make[2]: *** [CMakeFiles/asm_tests.dir/build.make:102: asm_tests] Error 1
make[1]: *** [CMakeFiles/Makefile2:142: CMakeFiles/asm_tests.dir/all] Error 2
make: *** [Makefile:141: all] Error 2
